[2019-09-10T15:31:28.094+0700][gc,heap] Heap region size: 1M
[2019-09-10T15:31:28.099+0700][gc     ] Using G1
[2019-09-10T15:31:28.099+0700][gc,heap,coops] Heap address: 0x00000000c0000000, size: 1024 MB, Compressed Oops mode: 32-bit
[2019-09-10T15:31:28.902+0700][gc,start     ] GC(0) Pause Young (Normal) (G1 Evacuation Pause)
[2019-09-10T15:31:28.902+0700][gc,task      ] GC(0) Using 10 workers of 10 for evacuation
[2019-09-10T15:31:28.906+0700][gc,phases    ] GC(0)   Pre Evacuate Collection Set: 0,0ms
[2019-09-10T15:31:28.906+0700][gc,phases    ] GC(0)   Evacuate Collection Set: 3,0ms
[2019-09-10T15:31:28.906+0700][gc,phases    ] GC(0)   Post Evacuate Collection Set: 0,3ms
[2019-09-10T15:31:28.906+0700][gc,phases    ] GC(0)   Other: 0,6ms
[2019-09-10T15:31:28.906+0700][gc,heap      ] GC(0) Eden regions: 51->0(44)
[2019-09-10T15:31:28.906+0700][gc,heap      ] GC(0) Survivor regions: 0->7(7)
[2019-09-10T15:31:28.906+0700][gc,heap      ] GC(0) Old regions: 0->0
[2019-09-10T15:31:28.906+0700][gc,heap      ] GC(0) Humongous regions: 0->0
[2019-09-10T15:31:28.906+0700][gc,metaspace ] GC(0) Metaspace: 16950K->16950K(1064960K)
[2019-09-10T15:31:28.906+0700][gc           ] GC(0) Pause Young (Normal) (G1 Evacuation Pause) 51M->6M(1024M) 3,994ms
[2019-09-10T15:31:28.906+0700][gc,cpu       ] GC(0) User=0,03s Sys=0,00s Real=0,01s
[2019-09-10T15:31:31.001+0700][gc,heap,exit ] Heap
[2019-09-10T15:31:31.001+0700][gc,heap,exit ]  garbage-first heap   total 1048576K, used 16990K [0x00000000c0000000, 0x0000000100000000)
[2019-09-10T15:31:31.001+0700][gc,heap,exit ]   region size 1024K, 18 young (18432K), 7 survivors (7168K)
[2019-09-10T15:31:31.001+0700][gc,heap,exit ]  Metaspace       used 19719K, capacity 20411K, committed 20480K, reserved 1067008K
[2019-09-10T15:31:31.001+0700][gc,heap,exit ]   class space    used 2738K, capacity 3005K, committed 3072K, reserved 1048576K
