[2019-09-10T11:30:52.474+0700][gc,heap] Heap region size: 1M
[2019-09-10T11:30:52.479+0700][gc     ] Using G1
[2019-09-10T11:30:52.479+0700][gc,heap,coops] Heap address: 0x00000000c0000000, size: 1024 MB, Compressed Oops mode: 32-bit
[2019-09-10T11:30:53.243+0700][gc,start     ] GC(0) Pause Young (Normal) (G1 Evacuation Pause)
[2019-09-10T11:30:53.244+0700][gc,task      ] GC(0) Using 10 workers of 10 for evacuation
[2019-09-10T11:30:53.247+0700][gc,phases    ] GC(0)   Pre Evacuate Collection Set: 0,0ms
[2019-09-10T11:30:53.247+0700][gc,phases    ] GC(0)   Evacuate Collection Set: 3,0ms
[2019-09-10T11:30:53.247+0700][gc,phases    ] GC(0)   Post Evacuate Collection Set: 0,3ms
[2019-09-10T11:30:53.247+0700][gc,phases    ] GC(0)   Other: 0,6ms
[2019-09-10T11:30:53.247+0700][gc,heap      ] GC(0) Eden regions: 51->0(44)
[2019-09-10T11:30:53.247+0700][gc,heap      ] GC(0) Survivor regions: 0->7(7)
[2019-09-10T11:30:53.247+0700][gc,heap      ] GC(0) Old regions: 0->0
[2019-09-10T11:30:53.247+0700][gc,heap      ] GC(0) Humongous regions: 0->0
[2019-09-10T11:30:53.247+0700][gc,metaspace ] GC(0) Metaspace: 16953K->16953K(1064960K)
[2019-09-10T11:30:53.247+0700][gc           ] GC(0) Pause Young (Normal) (G1 Evacuation Pause) 51M->6M(1024M) 3,949ms
[2019-09-10T11:30:53.247+0700][gc,cpu       ] GC(0) User=0,03s Sys=0,00s Real=0,00s
[2019-09-10T11:30:53.388+0700][gc,start     ] GC(1) Pause Young (Concurrent Start) (Metadata GC Threshold)
[2019-09-10T11:30:53.388+0700][gc,task      ] GC(1) Using 10 workers of 10 for evacuation
[2019-09-10T11:30:53.392+0700][gc,phases    ] GC(1)   Pre Evacuate Collection Set: 0,0ms
[2019-09-10T11:30:53.392+0700][gc,phases    ] GC(1)   Evacuate Collection Set: 4,1ms
[2019-09-10T11:30:53.392+0700][gc,phases    ] GC(1)   Post Evacuate Collection Set: 0,3ms
[2019-09-10T11:30:53.392+0700][gc,phases    ] GC(1)   Other: 0,1ms
[2019-09-10T11:30:53.392+0700][gc,heap      ] GC(1) Eden regions: 14->0(50)
[2019-09-10T11:30:53.392+0700][gc,heap      ] GC(1) Survivor regions: 7->1(7)
[2019-09-10T11:30:53.392+0700][gc,heap      ] GC(1) Old regions: 0->7
[2019-09-10T11:30:53.392+0700][gc,heap      ] GC(1) Humongous regions: 0->0
[2019-09-10T11:30:53.392+0700][gc,metaspace ] GC(1) Metaspace: 20518K->20518K(1067008K)
[2019-09-10T11:30:53.392+0700][gc           ] GC(1) Pause Young (Concurrent Start) (Metadata GC Threshold) 20M->7M(1024M) 4,596ms
[2019-09-10T11:30:53.392+0700][gc,cpu       ] GC(1) User=0,01s Sys=0,00s Real=0,01s
[2019-09-10T11:30:53.392+0700][gc           ] GC(2) Concurrent Cycle
[2019-09-10T11:30:53.392+0700][gc,marking   ] GC(2) Concurrent Clear Claimed Marks
[2019-09-10T11:30:53.392+0700][gc,marking   ] GC(2) Concurrent Clear Claimed Marks 0,012ms
[2019-09-10T11:30:53.392+0700][gc,marking   ] GC(2) Concurrent Scan Root Regions
[2019-09-10T11:30:53.393+0700][gc,marking   ] GC(2) Concurrent Scan Root Regions 0,462ms
[2019-09-10T11:30:53.393+0700][gc,marking   ] GC(2) Concurrent Mark (0,921s)
[2019-09-10T11:30:53.393+0700][gc,marking   ] GC(2) Concurrent Mark From Roots
[2019-09-10T11:30:53.393+0700][gc,task      ] GC(2) Using 3 workers of 3 for marking
[2019-09-10T11:30:53.396+0700][gc,marking   ] GC(2) Concurrent Mark From Roots 3,545ms
[2019-09-10T11:30:53.396+0700][gc,marking   ] GC(2) Concurrent Preclean
[2019-09-10T11:30:53.396+0700][gc,marking   ] GC(2) Concurrent Preclean 0,091ms
[2019-09-10T11:30:53.396+0700][gc,marking   ] GC(2) Concurrent Mark (0,921s, 0,924s) 3,673ms
[2019-09-10T11:30:53.396+0700][gc,start     ] GC(2) Pause Remark
[2019-09-10T11:30:53.397+0700][gc,stringtable] GC(2) Cleaned string and symbol table, strings: 8878 processed, 0 removed, symbols: 49742 processed, 52 removed
[2019-09-10T11:30:53.398+0700][gc            ] GC(2) Pause Remark 8M->8M(1024M) 1,163ms
[2019-09-10T11:30:53.398+0700][gc,cpu        ] GC(2) User=0,01s Sys=0,00s Real=0,00s
[2019-09-10T11:30:53.398+0700][gc,marking    ] GC(2) Concurrent Rebuild Remembered Sets
[2019-09-10T11:30:53.399+0700][gc,marking    ] GC(2) Concurrent Rebuild Remembered Sets 1,690ms
[2019-09-10T11:30:53.399+0700][gc,start      ] GC(2) Pause Cleanup
[2019-09-10T11:30:53.399+0700][gc            ] GC(2) Pause Cleanup 8M->8M(1024M) 0,122ms
[2019-09-10T11:30:53.399+0700][gc,cpu        ] GC(2) User=0,01s Sys=0,00s Real=0,00s
[2019-09-10T11:30:53.400+0700][gc,marking    ] GC(2) Concurrent Cleanup for Next Mark
[2019-09-10T11:30:53.401+0700][gc,marking    ] GC(2) Concurrent Cleanup for Next Mark 1,693ms
[2019-09-10T11:30:53.401+0700][gc            ] GC(2) Concurrent Cycle 9,119ms
[2019-09-10T11:30:53.883+0700][gc,start      ] GC(3) Pause Young (Normal) (G1 Evacuation Pause)
[2019-09-10T11:30:53.883+0700][gc,task       ] GC(3) Using 10 workers of 10 for evacuation
[2019-09-10T11:30:53.886+0700][gc,phases     ] GC(3)   Pre Evacuate Collection Set: 0,0ms
[2019-09-10T11:30:53.886+0700][gc,phases     ] GC(3)   Evacuate Collection Set: 2,3ms
[2019-09-10T11:30:53.886+0700][gc,phases     ] GC(3)   Post Evacuate Collection Set: 0,4ms
[2019-09-10T11:30:53.886+0700][gc,phases     ] GC(3)   Other: 0,2ms
[2019-09-10T11:30:53.886+0700][gc,heap       ] GC(3) Eden regions: 50->0(46)
[2019-09-10T11:30:53.886+0700][gc,heap       ] GC(3) Survivor regions: 1->5(7)
[2019-09-10T11:30:53.886+0700][gc,heap       ] GC(3) Old regions: 7->7
[2019-09-10T11:30:53.886+0700][gc,heap       ] GC(3) Humongous regions: 129->129
[2019-09-10T11:30:53.886+0700][gc,metaspace  ] GC(3) Metaspace: 30318K->30318K(1077248K)
[2019-09-10T11:30:53.886+0700][gc            ] GC(3) Pause Young (Normal) (G1 Evacuation Pause) 186M->139M(1024M) 2,938ms
[2019-09-10T11:30:53.886+0700][gc,cpu        ] GC(3) User=0,02s Sys=0,00s Real=0,00s
[2019-09-10T12:03:58.896+0700][gc,start      ] GC(4) Pause Young (Normal) (G1 Evacuation Pause)
[2019-09-10T12:03:58.896+0700][gc,task       ] GC(4) Using 10 workers of 10 for evacuation
[2019-09-10T12:03:58.898+0700][gc,phases     ] GC(4)   Pre Evacuate Collection Set: 0,0ms
[2019-09-10T12:03:58.898+0700][gc,phases     ] GC(4)   Evacuate Collection Set: 2,0ms
[2019-09-10T12:03:58.898+0700][gc,phases     ] GC(4)   Post Evacuate Collection Set: 0,3ms
[2019-09-10T12:03:58.898+0700][gc,phases     ] GC(4)   Other: 0,1ms
[2019-09-10T12:03:58.898+0700][gc,heap       ] GC(4) Eden regions: 46->0(50)
[2019-09-10T12:03:58.898+0700][gc,heap       ] GC(4) Survivor regions: 5->1(7)
[2019-09-10T12:03:58.898+0700][gc,heap       ] GC(4) Old regions: 7->11
[2019-09-10T12:03:58.898+0700][gc,heap       ] GC(4) Humongous regions: 129->129
[2019-09-10T12:03:58.898+0700][gc,metaspace  ] GC(4) Metaspace: 32952K->32952K(1079296K)
[2019-09-10T12:03:58.898+0700][gc            ] GC(4) Pause Young (Normal) (G1 Evacuation Pause) 185M->140M(1024M) 2,505ms
[2019-09-10T12:03:58.898+0700][gc,cpu        ] GC(4) User=0,01s Sys=0,00s Real=0,00s
[2019-09-10T12:53:23.441+0700][gc,start      ] GC(5) Pause Young (Normal) (G1 Evacuation Pause)
[2019-09-10T12:53:23.441+0700][gc,task       ] GC(5) Using 10 workers of 10 for evacuation
[2019-09-10T12:53:23.442+0700][gc,phases     ] GC(5)   Pre Evacuate Collection Set: 0,0ms
[2019-09-10T12:53:23.442+0700][gc,phases     ] GC(5)   Evacuate Collection Set: 1,3ms
[2019-09-10T12:53:23.442+0700][gc,phases     ] GC(5)   Post Evacuate Collection Set: 0,3ms
[2019-09-10T12:53:23.442+0700][gc,phases     ] GC(5)   Other: 0,1ms
[2019-09-10T12:53:23.442+0700][gc,heap       ] GC(5) Eden regions: 50->0(50)
[2019-09-10T12:53:23.442+0700][gc,heap       ] GC(5) Survivor regions: 1->1(7)
[2019-09-10T12:53:23.442+0700][gc,heap       ] GC(5) Old regions: 11->11
[2019-09-10T12:53:23.442+0700][gc,heap       ] GC(5) Humongous regions: 129->129
[2019-09-10T12:53:23.442+0700][gc,metaspace  ] GC(5) Metaspace: 33197K->33197K(1079296K)
[2019-09-10T12:53:23.442+0700][gc            ] GC(5) Pause Young (Normal) (G1 Evacuation Pause) 190M->140M(1024M) 1,762ms
[2019-09-10T12:53:23.442+0700][gc,cpu        ] GC(5) User=0,01s Sys=0,00s Real=0,00s
[2019-09-10T13:36:53.633+0700][gc,start      ] GC(6) Pause Young (Normal) (G1 Evacuation Pause)
[2019-09-10T13:36:53.633+0700][gc,task       ] GC(6) Using 10 workers of 10 for evacuation
[2019-09-10T13:36:53.635+0700][gc,phases     ] GC(6)   Pre Evacuate Collection Set: 0,0ms
[2019-09-10T13:36:53.635+0700][gc,phases     ] GC(6)   Evacuate Collection Set: 1,4ms
[2019-09-10T13:36:53.635+0700][gc,phases     ] GC(6)   Post Evacuate Collection Set: 0,3ms
[2019-09-10T13:36:53.635+0700][gc,phases     ] GC(6)   Other: 0,1ms
[2019-09-10T13:36:53.635+0700][gc,heap       ] GC(6) Eden regions: 50->0(49)
[2019-09-10T13:36:53.635+0700][gc,heap       ] GC(6) Survivor regions: 1->2(7)
[2019-09-10T13:36:53.635+0700][gc,heap       ] GC(6) Old regions: 11->11
[2019-09-10T13:36:53.635+0700][gc,heap       ] GC(6) Humongous regions: 129->129
[2019-09-10T13:36:53.635+0700][gc,metaspace  ] GC(6) Metaspace: 33783K->33783K(1079296K)
[2019-09-10T13:36:53.635+0700][gc            ] GC(6) Pause Young (Normal) (G1 Evacuation Pause) 190M->140M(1024M) 1,850ms
[2019-09-10T13:36:53.635+0700][gc,cpu        ] GC(6) User=0,01s Sys=0,00s Real=0,00s
[2019-09-10T14:26:23.440+0700][gc,start      ] GC(7) Pause Young (Normal) (G1 Evacuation Pause)
[2019-09-10T14:26:23.440+0700][gc,task       ] GC(7) Using 10 workers of 10 for evacuation
[2019-09-10T14:26:23.441+0700][gc,phases     ] GC(7)   Pre Evacuate Collection Set: 0,0ms
[2019-09-10T14:26:23.442+0700][gc,phases     ] GC(7)   Evacuate Collection Set: 1,0ms
[2019-09-10T14:26:23.442+0700][gc,phases     ] GC(7)   Post Evacuate Collection Set: 0,3ms
[2019-09-10T14:26:23.442+0700][gc,phases     ] GC(7)   Other: 0,1ms
[2019-09-10T14:26:23.442+0700][gc,heap       ] GC(7) Eden regions: 49->0(55)
[2019-09-10T14:26:23.442+0700][gc,heap       ] GC(7) Survivor regions: 2->2(7)
[2019-09-10T14:26:23.442+0700][gc,heap       ] GC(7) Old regions: 11->11
[2019-09-10T14:26:23.442+0700][gc,heap       ] GC(7) Humongous regions: 129->129
[2019-09-10T14:26:23.442+0700][gc,metaspace  ] GC(7) Metaspace: 33858K->33858K(1079296K)
[2019-09-10T14:26:23.442+0700][gc            ] GC(7) Pause Young (Normal) (G1 Evacuation Pause) 189M->140M(1024M) 1,458ms
[2019-09-10T14:26:23.442+0700][gc,cpu        ] GC(7) User=0,00s Sys=0,00s Real=0,00s
[2019-09-10T15:23:28.896+0700][gc,start      ] GC(8) Pause Young (Normal) (G1 Evacuation Pause)
[2019-09-10T15:23:28.896+0700][gc,task       ] GC(8) Using 10 workers of 10 for evacuation
[2019-09-10T15:23:28.897+0700][gc,phases     ] GC(8)   Pre Evacuate Collection Set: 0,0ms
[2019-09-10T15:23:28.897+0700][gc,phases     ] GC(8)   Evacuate Collection Set: 1,0ms
[2019-09-10T15:23:28.897+0700][gc,phases     ] GC(8)   Post Evacuate Collection Set: 0,3ms
[2019-09-10T15:23:28.897+0700][gc,phases     ] GC(8)   Other: 0,1ms
[2019-09-10T15:23:28.897+0700][gc,heap       ] GC(8) Eden regions: 55->0(84)
[2019-09-10T15:23:28.897+0700][gc,heap       ] GC(8) Survivor regions: 2->2(8)
[2019-09-10T15:23:28.897+0700][gc,heap       ] GC(8) Old regions: 11->11
[2019-09-10T15:23:28.897+0700][gc,heap       ] GC(8) Humongous regions: 129->129
[2019-09-10T15:23:28.897+0700][gc,metaspace  ] GC(8) Metaspace: 33941K->33941K(1079296K)
[2019-09-10T15:23:28.897+0700][gc            ] GC(8) Pause Young (Normal) (G1 Evacuation Pause) 195M->141M(1024M) 1,435ms
[2019-09-10T15:23:28.897+0700][gc,cpu        ] GC(8) User=0,00s Sys=0,00s Real=0,00s
