[2019-09-11T17:10:37.802+0700][gc,heap] Heap region size: 1M
[2019-09-11T17:10:37.807+0700][gc     ] Using G1
[2019-09-11T17:10:37.807+0700][gc,heap,coops] Heap address: 0x00000000c0000000, size: 1024 MB, Compressed Oops mode: 32-bit
[2019-09-11T17:10:38.650+0700][gc,start     ] GC(0) Pause Young (Normal) (G1 Evacuation Pause)
[2019-09-11T17:10:38.651+0700][gc,task      ] GC(0) Using 10 workers of 10 for evacuation
[2019-09-11T17:10:38.654+0700][gc,phases    ] GC(0)   Pre Evacuate Collection Set: 0,0ms
[2019-09-11T17:10:38.654+0700][gc,phases    ] GC(0)   Evacuate Collection Set: 3,2ms
[2019-09-11T17:10:38.654+0700][gc,phases    ] GC(0)   Post Evacuate Collection Set: 0,3ms
[2019-09-11T17:10:38.654+0700][gc,phases    ] GC(0)   Other: 0,5ms
[2019-09-11T17:10:38.654+0700][gc,heap      ] GC(0) Eden regions: 51->0(44)
[2019-09-11T17:10:38.654+0700][gc,heap      ] GC(0) Survivor regions: 0->7(7)
[2019-09-11T17:10:38.654+0700][gc,heap      ] GC(0) Old regions: 0->0
[2019-09-11T17:10:38.654+0700][gc,heap      ] GC(0) Humongous regions: 0->0
[2019-09-11T17:10:38.654+0700][gc,metaspace ] GC(0) Metaspace: 16976K->16976K(1064960K)
[2019-09-11T17:10:38.654+0700][gc           ] GC(0) Pause Young (Normal) (G1 Evacuation Pause) 51M->6M(1024M) 4,114ms
[2019-09-11T17:10:38.654+0700][gc,cpu       ] GC(0) User=0,03s Sys=0,00s Real=0,01s
[2019-09-11T17:10:38.830+0700][gc,start     ] GC(1) Pause Young (Concurrent Start) (Metadata GC Threshold)
[2019-09-11T17:10:38.830+0700][gc,task      ] GC(1) Using 10 workers of 10 for evacuation
[2019-09-11T17:10:38.836+0700][gc,phases    ] GC(1)   Pre Evacuate Collection Set: 0,0ms
[2019-09-11T17:10:38.836+0700][gc,phases    ] GC(1)   Evacuate Collection Set: 4,9ms
[2019-09-11T17:10:38.836+0700][gc,phases    ] GC(1)   Post Evacuate Collection Set: 0,2ms
[2019-09-11T17:10:38.836+0700][gc,phases    ] GC(1)   Other: 0,2ms
[2019-09-11T17:10:38.836+0700][gc,heap      ] GC(1) Eden regions: 15->0(49)
[2019-09-11T17:10:38.836+0700][gc,heap      ] GC(1) Survivor regions: 7->2(7)
[2019-09-11T17:10:38.836+0700][gc,heap      ] GC(1) Old regions: 0->7
[2019-09-11T17:10:38.836+0700][gc,heap      ] GC(1) Humongous regions: 129->129
[2019-09-11T17:10:38.836+0700][gc,metaspace ] GC(1) Metaspace: 20360K->20360K(1067008K)
[2019-09-11T17:10:38.836+0700][gc           ] GC(1) Pause Young (Concurrent Start) (Metadata GC Threshold) 150M->136M(1024M) 5,390ms
[2019-09-11T17:10:38.836+0700][gc,cpu       ] GC(1) User=0,01s Sys=0,01s Real=0,01s
[2019-09-11T17:10:38.836+0700][gc           ] GC(2) Concurrent Cycle
[2019-09-11T17:10:38.836+0700][gc,marking   ] GC(2) Concurrent Clear Claimed Marks
[2019-09-11T17:10:38.836+0700][gc,marking   ] GC(2) Concurrent Clear Claimed Marks 0,011ms
[2019-09-11T17:10:38.836+0700][gc,marking   ] GC(2) Concurrent Scan Root Regions
[2019-09-11T17:10:38.836+0700][gc,marking   ] GC(2) Concurrent Scan Root Regions 0,600ms
[2019-09-11T17:10:38.836+0700][gc,marking   ] GC(2) Concurrent Mark (1,036s)
[2019-09-11T17:10:38.836+0700][gc,marking   ] GC(2) Concurrent Mark From Roots
[2019-09-11T17:10:38.837+0700][gc,task      ] GC(2) Using 3 workers of 3 for marking
[2019-09-11T17:10:38.839+0700][gc,marking   ] GC(2) Concurrent Mark From Roots 3,053ms
[2019-09-11T17:10:38.840+0700][gc,marking   ] GC(2) Concurrent Preclean
[2019-09-11T17:10:38.840+0700][gc,marking   ] GC(2) Concurrent Preclean 0,071ms
[2019-09-11T17:10:38.840+0700][gc,marking   ] GC(2) Concurrent Mark (1,036s, 1,039s) 3,141ms
[2019-09-11T17:10:38.840+0700][gc,start     ] GC(2) Pause Remark
[2019-09-11T17:10:38.841+0700][gc,stringtable] GC(2) Cleaned string and symbol table, strings: 8977 processed, 0 removed, symbols: 49046 processed, 47 removed
[2019-09-11T17:10:38.841+0700][gc            ] GC(2) Pause Remark 137M->137M(1024M) 1,039ms
[2019-09-11T17:10:38.841+0700][gc,cpu        ] GC(2) User=0,01s Sys=0,00s Real=0,00s
[2019-09-11T17:10:38.841+0700][gc,marking    ] GC(2) Concurrent Rebuild Remembered Sets
[2019-09-11T17:10:38.843+0700][gc,marking    ] GC(2) Concurrent Rebuild Remembered Sets 1,986ms
[2019-09-11T17:10:38.843+0700][gc,start      ] GC(2) Pause Cleanup
[2019-09-11T17:10:38.843+0700][gc            ] GC(2) Pause Cleanup 137M->137M(1024M) 0,132ms
[2019-09-11T17:10:38.843+0700][gc,cpu        ] GC(2) User=0,00s Sys=0,00s Real=0,00s
[2019-09-11T17:10:38.843+0700][gc,marking    ] GC(2) Concurrent Cleanup for Next Mark
[2019-09-11T17:10:38.845+0700][gc,marking    ] GC(2) Concurrent Cleanup for Next Mark 1,509ms
[2019-09-11T17:10:38.845+0700][gc            ] GC(2) Concurrent Cycle 8,959ms
[2019-09-11T17:10:43.908+0700][gc,start      ] GC(3) Pause Young (Normal) (G1 Evacuation Pause)
[2019-09-11T17:10:43.908+0700][gc,task       ] GC(3) Using 10 workers of 10 for evacuation
[2019-09-11T17:10:43.910+0700][gc,phases     ] GC(3)   Pre Evacuate Collection Set: 0,0ms
[2019-09-11T17:10:43.910+0700][gc,phases     ] GC(3)   Evacuate Collection Set: 1,7ms
[2019-09-11T17:10:43.910+0700][gc,phases     ] GC(3)   Post Evacuate Collection Set: 0,3ms
[2019-09-11T17:10:43.910+0700][gc,phases     ] GC(3)   Other: 0,1ms
[2019-09-11T17:10:43.910+0700][gc,heap       ] GC(3) Eden regions: 49->0(46)
[2019-09-11T17:10:43.910+0700][gc,heap       ] GC(3) Survivor regions: 2->5(7)
[2019-09-11T17:10:43.910+0700][gc,heap       ] GC(3) Old regions: 7->7
[2019-09-11T17:10:43.910+0700][gc,heap       ] GC(3) Humongous regions: 129->129
[2019-09-11T17:10:43.910+0700][gc,metaspace  ] GC(3) Metaspace: 30376K->30376K(1077248K)
[2019-09-11T17:10:43.910+0700][gc            ] GC(3) Pause Young (Normal) (G1 Evacuation Pause) 185M->140M(1024M) 2,171ms
[2019-09-11T17:10:43.910+0700][gc,cpu        ] GC(3) User=0,01s Sys=0,00s Real=0,00s
[2019-09-11T17:24:53.941+0700][gc,start      ] GC(4) Pause Young (Normal) (G1 Evacuation Pause)
[2019-09-11T17:24:53.941+0700][gc,task       ] GC(4) Using 10 workers of 10 for evacuation
[2019-09-11T17:24:53.946+0700][gc,phases     ] GC(4)   Pre Evacuate Collection Set: 0,0ms
[2019-09-11T17:24:53.946+0700][gc,phases     ] GC(4)   Evacuate Collection Set: 4,0ms
[2019-09-11T17:24:53.946+0700][gc,phases     ] GC(4)   Post Evacuate Collection Set: 0,3ms
[2019-09-11T17:24:53.946+0700][gc,phases     ] GC(4)   Other: 0,1ms
[2019-09-11T17:24:53.946+0700][gc,heap       ] GC(4) Eden regions: 46->0(48)
[2019-09-11T17:24:53.946+0700][gc,heap       ] GC(4) Survivor regions: 5->3(7)
[2019-09-11T17:24:53.946+0700][gc,heap       ] GC(4) Old regions: 7->12
[2019-09-11T17:24:53.946+0700][gc,heap       ] GC(4) Humongous regions: 129->129
[2019-09-11T17:24:53.946+0700][gc,metaspace  ] GC(4) Metaspace: 33333K->33333K(1079296K)
[2019-09-11T17:24:53.946+0700][gc            ] GC(4) Pause Young (Normal) (G1 Evacuation Pause) 186M->142M(1024M) 4,550ms
[2019-09-11T17:24:53.946+0700][gc,cpu        ] GC(4) User=0,02s Sys=0,01s Real=0,01s
[2019-09-11T17:38:11.015+0700][gc,start      ] GC(5) Pause Young (Concurrent Start) (Metadata GC Threshold)
[2019-09-11T17:38:11.015+0700][gc,task       ] GC(5) Using 10 workers of 10 for evacuation
[2019-09-11T17:38:11.017+0700][gc,phases     ] GC(5)   Pre Evacuate Collection Set: 0,1ms
[2019-09-11T17:38:11.017+0700][gc,phases     ] GC(5)   Evacuate Collection Set: 1,5ms
[2019-09-11T17:38:11.017+0700][gc,phases     ] GC(5)   Post Evacuate Collection Set: 0,2ms
[2019-09-11T17:38:11.017+0700][gc,phases     ] GC(5)   Other: 0,1ms
[2019-09-11T17:38:11.017+0700][gc,heap       ] GC(5) Eden regions: 43->0(48)
[2019-09-11T17:38:11.017+0700][gc,heap       ] GC(5) Survivor regions: 3->3(7)
[2019-09-11T17:38:11.017+0700][gc,heap       ] GC(5) Old regions: 12->12
[2019-09-11T17:38:11.017+0700][gc,heap       ] GC(5) Humongous regions: 129->129
[2019-09-11T17:38:11.017+0700][gc,metaspace  ] GC(5) Metaspace: 33835K->33835K(1079296K)
[2019-09-11T17:38:11.017+0700][gc            ] GC(5) Pause Young (Concurrent Start) (Metadata GC Threshold) 184M->142M(1024M) 2,084ms
[2019-09-11T17:38:11.017+0700][gc,cpu        ] GC(5) User=0,01s Sys=0,00s Real=0,00s
[2019-09-11T17:38:11.017+0700][gc            ] GC(6) Concurrent Cycle
[2019-09-11T17:38:11.017+0700][gc,marking    ] GC(6) Concurrent Clear Claimed Marks
[2019-09-11T17:38:11.017+0700][gc,marking    ] GC(6) Concurrent Clear Claimed Marks 0,029ms
[2019-09-11T17:38:11.017+0700][gc,marking    ] GC(6) Concurrent Scan Root Regions
[2019-09-11T17:38:11.017+0700][gc,marking    ] GC(6) Concurrent Scan Root Regions 0,622ms
[2019-09-11T17:38:11.017+0700][gc,marking    ] GC(6) Concurrent Mark (1653,217s)
[2019-09-11T17:38:11.017+0700][gc,marking    ] GC(6) Concurrent Mark From Roots
[2019-09-11T17:38:11.017+0700][gc,task       ] GC(6) Using 3 workers of 3 for marking
[2019-09-11T17:38:11.022+0700][gc,marking    ] GC(6) Concurrent Mark From Roots 4,563ms
[2019-09-11T17:38:11.022+0700][gc,marking    ] GC(6) Concurrent Preclean
[2019-09-11T17:38:11.022+0700][gc,marking    ] GC(6) Concurrent Preclean 0,177ms
[2019-09-11T17:38:11.022+0700][gc,marking    ] GC(6) Concurrent Mark (1653,217s, 1653,222s) 4,778ms
[2019-09-11T17:38:11.022+0700][gc,start      ] GC(6) Pause Remark
[2019-09-11T17:38:11.025+0700][gc,stringtable] GC(6) Cleaned string and symbol table, strings: 14935 processed, 290 removed, symbols: 74513 processed, 20 removed
[2019-09-11T17:38:11.026+0700][gc            ] GC(6) Pause Remark 142M->142M(1024M) 3,201ms
[2019-09-11T17:38:11.026+0700][gc,cpu        ] GC(6) User=0,02s Sys=0,00s Real=0,01s
[2019-09-11T17:38:11.026+0700][gc,marking    ] GC(6) Concurrent Rebuild Remembered Sets
[2019-09-11T17:38:11.028+0700][gc,marking    ] GC(6) Concurrent Rebuild Remembered Sets 2,402ms
[2019-09-11T17:38:11.028+0700][gc,start      ] GC(6) Pause Cleanup
[2019-09-11T17:38:11.028+0700][gc            ] GC(6) Pause Cleanup 143M->143M(1024M) 0,070ms
[2019-09-11T17:38:11.028+0700][gc,cpu        ] GC(6) User=0,00s Sys=0,00s Real=0,00s
[2019-09-11T17:38:11.028+0700][gc,marking    ] GC(6) Concurrent Cleanup for Next Mark
[2019-09-11T17:38:11.030+0700][gc,marking    ] GC(6) Concurrent Cleanup for Next Mark 1,571ms
[2019-09-11T17:38:11.030+0700][gc            ] GC(6) Concurrent Cycle 13,069ms
[2019-09-11T17:50:34.220+0700][gc,start      ] GC(7) Pause Young (Normal) (G1 Evacuation Pause)
[2019-09-11T17:50:34.220+0700][gc,task       ] GC(7) Using 10 workers of 10 for evacuation
[2019-09-11T17:50:34.223+0700][gc,phases     ] GC(7)   Pre Evacuate Collection Set: 0,0ms
[2019-09-11T17:50:34.223+0700][gc,phases     ] GC(7)   Evacuate Collection Set: 2,1ms
[2019-09-11T17:50:34.223+0700][gc,phases     ] GC(7)   Post Evacuate Collection Set: 0,4ms
[2019-09-11T17:50:34.223+0700][gc,phases     ] GC(7)   Other: 0,1ms
[2019-09-11T17:50:34.223+0700][gc,heap       ] GC(7) Eden regions: 48->0(47)
[2019-09-11T17:50:34.223+0700][gc,heap       ] GC(7) Survivor regions: 3->4(7)
[2019-09-11T17:50:34.223+0700][gc,heap       ] GC(7) Old regions: 12->12
[2019-09-11T17:50:34.223+0700][gc,heap       ] GC(7) Humongous regions: 129->129
[2019-09-11T17:50:34.223+0700][gc,metaspace  ] GC(7) Metaspace: 34296K->34296K(1079296K)
[2019-09-11T17:50:34.223+0700][gc            ] GC(7) Pause Young (Normal) (G1 Evacuation Pause) 190M->143M(1024M) 2,701ms
[2019-09-11T17:50:34.223+0700][gc,cpu        ] GC(7) User=0,01s Sys=0,01s Real=0,01s
[2019-09-11T18:05:53.894+0700][gc,start      ] GC(8) Pause Young (Normal) (G1 Evacuation Pause)
[2019-09-11T18:05:53.894+0700][gc,task       ] GC(8) Using 10 workers of 10 for evacuation
[2019-09-11T18:05:53.896+0700][gc,phases     ] GC(8)   Pre Evacuate Collection Set: 0,0ms
[2019-09-11T18:05:53.896+0700][gc,phases     ] GC(8)   Evacuate Collection Set: 1,3ms
[2019-09-11T18:05:53.896+0700][gc,phases     ] GC(8)   Post Evacuate Collection Set: 0,3ms
[2019-09-11T18:05:53.896+0700][gc,phases     ] GC(8)   Other: 0,1ms
[2019-09-11T18:05:53.896+0700][gc,heap       ] GC(8) Eden regions: 47->0(48)
[2019-09-11T18:05:53.896+0700][gc,heap       ] GC(8) Survivor regions: 4->4(7)
[2019-09-11T18:05:53.896+0700][gc,heap       ] GC(8) Old regions: 12->12
[2019-09-11T18:05:53.896+0700][gc,heap       ] GC(8) Humongous regions: 129->129
[2019-09-11T18:05:53.896+0700][gc,metaspace  ] GC(8) Metaspace: 34573K->34573K(1081344K)
[2019-09-11T18:05:53.896+0700][gc            ] GC(8) Pause Young (Normal) (G1 Evacuation Pause) 190M->143M(1024M) 1,816ms
[2019-09-11T18:05:53.896+0700][gc,cpu        ] GC(8) User=0,01s Sys=0,00s Real=0,00s
[2019-09-11T18:23:43.942+0700][gc,start      ] GC(9) Pause Young (Normal) (G1 Evacuation Pause)
[2019-09-11T18:23:43.942+0700][gc,task       ] GC(9) Using 10 workers of 10 for evacuation
[2019-09-11T18:23:43.944+0700][gc,phases     ] GC(9)   Pre Evacuate Collection Set: 0,0ms
[2019-09-11T18:23:43.944+0700][gc,phases     ] GC(9)   Evacuate Collection Set: 2,0ms
[2019-09-11T18:23:43.944+0700][gc,phases     ] GC(9)   Post Evacuate Collection Set: 0,4ms
[2019-09-11T18:23:43.944+0700][gc,phases     ] GC(9)   Other: 0,1ms
[2019-09-11T18:23:43.944+0700][gc,heap       ] GC(9) Eden regions: 48->0(65)
[2019-09-11T18:23:43.944+0700][gc,heap       ] GC(9) Survivor regions: 4->4(7)
[2019-09-11T18:23:43.944+0700][gc,heap       ] GC(9) Old regions: 12->12
[2019-09-11T18:23:43.944+0700][gc,heap       ] GC(9) Humongous regions: 129->129
[2019-09-11T18:23:43.944+0700][gc,metaspace  ] GC(9) Metaspace: 34715K->34715K(1081344K)
[2019-09-11T18:23:43.944+0700][gc            ] GC(9) Pause Young (Normal) (G1 Evacuation Pause) 191M->143M(1024M) 2,585ms
[2019-09-11T18:23:43.944+0700][gc,cpu        ] GC(9) User=0,01s Sys=0,00s Real=0,01s
