[2019-09-10T15:35:54.254+0700][gc,heap] Heap region size: 1M
[2019-09-10T15:35:54.259+0700][gc     ] Using G1
[2019-09-10T15:35:54.259+0700][gc,heap,coops] Heap address: 0x00000000c0000000, size: 1024 MB, Compressed Oops mode: 32-bit
[2019-09-10T15:35:55.127+0700][gc,start     ] GC(0) Pause Young (Normal) (G1 Evacuation Pause)
[2019-09-10T15:35:55.128+0700][gc,task      ] GC(0) Using 10 workers of 10 for evacuation
[2019-09-10T15:35:55.131+0700][gc,phases    ] GC(0)   Pre Evacuate Collection Set: 0,0ms
[2019-09-10T15:35:55.131+0700][gc,phases    ] GC(0)   Evacuate Collection Set: 3,1ms
[2019-09-10T15:35:55.131+0700][gc,phases    ] GC(0)   Post Evacuate Collection Set: 0,4ms
[2019-09-10T15:35:55.131+0700][gc,phases    ] GC(0)   Other: 0,5ms
[2019-09-10T15:35:55.131+0700][gc,heap      ] GC(0) Eden regions: 51->0(44)
[2019-09-10T15:35:55.131+0700][gc,heap      ] GC(0) Survivor regions: 0->7(7)
[2019-09-10T15:35:55.131+0700][gc,heap      ] GC(0) Old regions: 0->0
[2019-09-10T15:35:55.131+0700][gc,heap      ] GC(0) Humongous regions: 0->0
[2019-09-10T15:35:55.131+0700][gc,metaspace ] GC(0) Metaspace: 16970K->16970K(1064960K)
[2019-09-10T15:35:55.131+0700][gc           ] GC(0) Pause Young (Normal) (G1 Evacuation Pause) 51M->6M(1024M) 4,035ms
[2019-09-10T15:35:55.131+0700][gc,cpu       ] GC(0) User=0,03s Sys=0,00s Real=0,01s
[2019-09-10T15:35:55.322+0700][gc,start     ] GC(1) Pause Young (Concurrent Start) (Metadata GC Threshold)
[2019-09-10T15:35:55.322+0700][gc,task      ] GC(1) Using 10 workers of 10 for evacuation
[2019-09-10T15:35:55.327+0700][gc,phases    ] GC(1)   Pre Evacuate Collection Set: 0,0ms
[2019-09-10T15:35:55.327+0700][gc,phases    ] GC(1)   Evacuate Collection Set: 4,4ms
[2019-09-10T15:35:55.327+0700][gc,phases    ] GC(1)   Post Evacuate Collection Set: 0,2ms
[2019-09-10T15:35:55.327+0700][gc,phases    ] GC(1)   Other: 0,1ms
[2019-09-10T15:35:55.327+0700][gc,heap      ] GC(1) Eden regions: 15->0(49)
[2019-09-10T15:35:55.327+0700][gc,heap      ] GC(1) Survivor regions: 7->2(7)
[2019-09-10T15:35:55.327+0700][gc,heap      ] GC(1) Old regions: 0->7
[2019-09-10T15:35:55.327+0700][gc,heap      ] GC(1) Humongous regions: 129->129
[2019-09-10T15:35:55.327+0700][gc,metaspace ] GC(1) Metaspace: 20356K->20356K(1067008K)
[2019-09-10T15:35:55.327+0700][gc           ] GC(1) Pause Young (Concurrent Start) (Metadata GC Threshold) 150M->136M(1024M) 4,848ms
[2019-09-10T15:35:55.327+0700][gc,cpu       ] GC(1) User=0,02s Sys=0,00s Real=0,00s
[2019-09-10T15:35:55.327+0700][gc           ] GC(2) Concurrent Cycle
[2019-09-10T15:35:55.327+0700][gc,marking   ] GC(2) Concurrent Clear Claimed Marks
[2019-09-10T15:35:55.327+0700][gc,marking   ] GC(2) Concurrent Clear Claimed Marks 0,013ms
[2019-09-10T15:35:55.327+0700][gc,marking   ] GC(2) Concurrent Scan Root Regions
[2019-09-10T15:35:55.328+0700][gc,marking   ] GC(2) Concurrent Scan Root Regions 0,617ms
[2019-09-10T15:35:55.328+0700][gc,marking   ] GC(2) Concurrent Mark (1,076s)
[2019-09-10T15:35:55.328+0700][gc,marking   ] GC(2) Concurrent Mark From Roots
[2019-09-10T15:35:55.328+0700][gc,task      ] GC(2) Using 3 workers of 3 for marking
[2019-09-10T15:35:55.331+0700][gc,marking   ] GC(2) Concurrent Mark From Roots 2,770ms
[2019-09-10T15:35:55.331+0700][gc,marking   ] GC(2) Concurrent Preclean
[2019-09-10T15:35:55.331+0700][gc,marking   ] GC(2) Concurrent Preclean 0,118ms
[2019-09-10T15:35:55.331+0700][gc,marking   ] GC(2) Concurrent Mark (1,076s, 1,079s) 2,917ms
[2019-09-10T15:35:55.331+0700][gc,start     ] GC(2) Pause Remark
[2019-09-10T15:35:55.332+0700][gc,stringtable] GC(2) Cleaned string and symbol table, strings: 8978 processed, 0 removed, symbols: 49047 processed, 47 removed
[2019-09-10T15:35:55.332+0700][gc            ] GC(2) Pause Remark 137M->137M(1024M) 1,004ms
[2019-09-10T15:35:55.332+0700][gc,cpu        ] GC(2) User=0,01s Sys=0,00s Real=0,00s
[2019-09-10T15:35:55.332+0700][gc,marking    ] GC(2) Concurrent Rebuild Remembered Sets
[2019-09-10T15:35:55.334+0700][gc,marking    ] GC(2) Concurrent Rebuild Remembered Sets 1,628ms
[2019-09-10T15:35:55.334+0700][gc,start      ] GC(2) Pause Cleanup
[2019-09-10T15:35:55.334+0700][gc            ] GC(2) Pause Cleanup 137M->137M(1024M) 0,122ms
[2019-09-10T15:35:55.334+0700][gc,cpu        ] GC(2) User=0,00s Sys=0,00s Real=0,00s
[2019-09-10T15:35:55.334+0700][gc,marking    ] GC(2) Concurrent Cleanup for Next Mark
[2019-09-10T15:35:55.335+0700][gc,marking    ] GC(2) Concurrent Cleanup for Next Mark 1,404ms
[2019-09-10T15:35:55.336+0700][gc            ] GC(2) Concurrent Cycle 8,168ms
[2019-09-10T15:36:19.605+0700][gc,start      ] GC(3) Pause Young (Normal) (G1 Evacuation Pause)
[2019-09-10T15:36:19.605+0700][gc,task       ] GC(3) Using 10 workers of 10 for evacuation
[2019-09-10T15:36:19.607+0700][gc,phases     ] GC(3)   Pre Evacuate Collection Set: 0,0ms
[2019-09-10T15:36:19.607+0700][gc,phases     ] GC(3)   Evacuate Collection Set: 2,2ms
[2019-09-10T15:36:19.607+0700][gc,phases     ] GC(3)   Post Evacuate Collection Set: 0,3ms
[2019-09-10T15:36:19.607+0700][gc,phases     ] GC(3)   Other: 0,1ms
[2019-09-10T15:36:19.607+0700][gc,heap       ] GC(3) Eden regions: 49->0(45)
[2019-09-10T15:36:19.607+0700][gc,heap       ] GC(3) Survivor regions: 2->6(7)
[2019-09-10T15:36:19.607+0700][gc,heap       ] GC(3) Old regions: 7->7
[2019-09-10T15:36:19.607+0700][gc,heap       ] GC(3) Humongous regions: 129->129
[2019-09-10T15:36:19.607+0700][gc,metaspace  ] GC(3) Metaspace: 30404K->30404K(1077248K)
[2019-09-10T15:36:19.607+0700][gc            ] GC(3) Pause Young (Normal) (G1 Evacuation Pause) 185M->140M(1024M) 2,622ms
[2019-09-10T15:36:19.607+0700][gc,cpu        ] GC(3) User=0,02s Sys=0,00s Real=0,00s
[2019-09-10T15:42:32.215+0700][gc,start      ] GC(4) Pause Young (Concurrent Start) (Metadata GC Threshold)
[2019-09-10T15:42:32.215+0700][gc,task       ] GC(4) Using 10 workers of 10 for evacuation
[2019-09-10T15:42:32.220+0700][gc,phases     ] GC(4)   Pre Evacuate Collection Set: 0,1ms
[2019-09-10T15:42:32.220+0700][gc,phases     ] GC(4)   Evacuate Collection Set: 4,9ms
[2019-09-10T15:42:32.220+0700][gc,phases     ] GC(4)   Post Evacuate Collection Set: 0,3ms
[2019-09-10T15:42:32.220+0700][gc,phases     ] GC(4)   Other: 0,2ms
[2019-09-10T15:42:32.220+0700][gc,heap       ] GC(4) Eden regions: 27->0(48)
[2019-09-10T15:42:32.220+0700][gc,heap       ] GC(4) Survivor regions: 6->3(7)
[2019-09-10T15:42:32.220+0700][gc,heap       ] GC(4) Old regions: 7->12
[2019-09-10T15:42:32.220+0700][gc,heap       ] GC(4) Humongous regions: 129->129
[2019-09-10T15:42:32.220+0700][gc,metaspace  ] GC(4) Metaspace: 33607K->33607K(1079296K)
[2019-09-10T15:42:32.220+0700][gc            ] GC(4) Pause Young (Concurrent Start) (Metadata GC Threshold) 167M->142M(1024M) 5,465ms
[2019-09-10T15:42:32.220+0700][gc,cpu        ] GC(4) User=0,02s Sys=0,00s Real=0,00s
[2019-09-10T15:42:32.220+0700][gc            ] GC(5) Concurrent Cycle
[2019-09-10T15:42:32.220+0700][gc,marking    ] GC(5) Concurrent Clear Claimed Marks
[2019-09-10T15:42:32.220+0700][gc,marking    ] GC(5) Concurrent Clear Claimed Marks 0,051ms
[2019-09-10T15:42:32.220+0700][gc,marking    ] GC(5) Concurrent Scan Root Regions
[2019-09-10T15:42:32.221+0700][gc,marking    ] GC(5) Concurrent Scan Root Regions 0,872ms
[2019-09-10T15:42:32.221+0700][gc,marking    ] GC(5) Concurrent Mark (397,969s)
[2019-09-10T15:42:32.221+0700][gc,marking    ] GC(5) Concurrent Mark From Roots
[2019-09-10T15:42:32.221+0700][gc,task       ] GC(5) Using 3 workers of 3 for marking
[2019-09-10T15:42:32.226+0700][gc,marking    ] GC(5) Concurrent Mark From Roots 4,966ms
[2019-09-10T15:42:32.226+0700][gc,marking    ] GC(5) Concurrent Preclean
[2019-09-10T15:42:32.226+0700][gc,marking    ] GC(5) Concurrent Preclean 0,067ms
[2019-09-10T15:42:32.226+0700][gc,marking    ] GC(5) Concurrent Mark (397,969s, 397,974s) 5,057ms
[2019-09-10T15:42:32.226+0700][gc,start      ] GC(5) Pause Remark
[2019-09-10T15:42:32.229+0700][gc,stringtable] GC(5) Cleaned string and symbol table, strings: 14354 processed, 9 removed, symbols: 74414 processed, 20 removed
[2019-09-10T15:42:32.229+0700][gc            ] GC(5) Pause Remark 142M->142M(1024M) 2,893ms
[2019-09-10T15:42:32.229+0700][gc,cpu        ] GC(5) User=0,02s Sys=0,00s Real=0,00s
[2019-09-10T15:42:32.229+0700][gc,marking    ] GC(5) Concurrent Rebuild Remembered Sets
[2019-09-10T15:42:32.232+0700][gc,marking    ] GC(5) Concurrent Rebuild Remembered Sets 2,761ms
[2019-09-10T15:42:32.232+0700][gc,start      ] GC(5) Pause Cleanup
[2019-09-10T15:42:32.232+0700][gc            ] GC(5) Pause Cleanup 142M->142M(1024M) 0,108ms
[2019-09-10T15:42:32.232+0700][gc,cpu        ] GC(5) User=0,00s Sys=0,00s Real=0,00s
[2019-09-10T15:42:32.232+0700][gc,marking    ] GC(5) Concurrent Cleanup for Next Mark
[2019-09-10T15:42:32.234+0700][gc,marking    ] GC(5) Concurrent Cleanup for Next Mark 1,475ms
[2019-09-10T15:42:32.234+0700][gc            ] GC(5) Concurrent Cycle 13,533ms
[2019-09-10T15:59:48.057+0700][gc,start      ] GC(6) Pause Young (Normal) (G1 Evacuation Pause)
[2019-09-10T15:59:48.057+0700][gc,task       ] GC(6) Using 10 workers of 10 for evacuation
[2019-09-10T15:59:48.059+0700][gc,phases     ] GC(6)   Pre Evacuate Collection Set: 0,0ms
[2019-09-10T15:59:48.059+0700][gc,phases     ] GC(6)   Evacuate Collection Set: 2,0ms
[2019-09-10T15:59:48.059+0700][gc,phases     ] GC(6)   Post Evacuate Collection Set: 0,2ms
[2019-09-10T15:59:48.059+0700][gc,phases     ] GC(6)   Other: 0,1ms
[2019-09-10T15:59:48.059+0700][gc,heap       ] GC(6) Eden regions: 48->0(48)
[2019-09-10T15:59:48.059+0700][gc,heap       ] GC(6) Survivor regions: 3->3(7)
[2019-09-10T15:59:48.059+0700][gc,heap       ] GC(6) Old regions: 12->12
[2019-09-10T15:59:48.059+0700][gc,heap       ] GC(6) Humongous regions: 129->129
[2019-09-10T15:59:48.059+0700][gc,metaspace  ] GC(6) Metaspace: 33869K->33869K(1079296K)
[2019-09-10T15:59:48.059+0700][gc            ] GC(6) Pause Young (Normal) (G1 Evacuation Pause) 190M->142M(1024M) 2,474ms
[2019-09-10T15:59:48.059+0700][gc,cpu        ] GC(6) User=0,01s Sys=0,00s Real=0,00s
[2019-09-10T16:17:44.321+0700][gc,start      ] GC(7) Pause Young (Normal) (G1 Evacuation Pause)
[2019-09-10T16:17:44.321+0700][gc,task       ] GC(7) Using 10 workers of 10 for evacuation
[2019-09-10T16:17:44.323+0700][gc,phases     ] GC(7)   Pre Evacuate Collection Set: 0,0ms
[2019-09-10T16:17:44.323+0700][gc,phases     ] GC(7)   Evacuate Collection Set: 2,0ms
[2019-09-10T16:17:44.323+0700][gc,phases     ] GC(7)   Post Evacuate Collection Set: 0,3ms
[2019-09-10T16:17:44.323+0700][gc,phases     ] GC(7)   Other: 0,1ms
[2019-09-10T16:17:44.323+0700][gc,heap       ] GC(7) Eden regions: 48->0(47)
[2019-09-10T16:17:44.323+0700][gc,heap       ] GC(7) Survivor regions: 3->4(7)
[2019-09-10T16:17:44.323+0700][gc,heap       ] GC(7) Old regions: 12->12
[2019-09-10T16:17:44.323+0700][gc,heap       ] GC(7) Humongous regions: 129->129
[2019-09-10T16:17:44.323+0700][gc,metaspace  ] GC(7) Metaspace: 33933K->33933K(1079296K)
[2019-09-10T16:17:44.323+0700][gc            ] GC(7) Pause Young (Normal) (G1 Evacuation Pause) 190M->143M(1024M) 2,466ms
[2019-09-10T16:17:44.323+0700][gc,cpu        ] GC(7) User=0,02s Sys=0,00s Real=0,01s
[2019-09-10T16:34:51.458+0700][gc,start      ] GC(8) Pause Young (Normal) (G1 Evacuation Pause)
[2019-09-10T16:34:51.458+0700][gc,task       ] GC(8) Using 10 workers of 10 for evacuation
[2019-09-10T16:34:51.460+0700][gc,phases     ] GC(8)   Pre Evacuate Collection Set: 0,0ms
[2019-09-10T16:34:51.460+0700][gc,phases     ] GC(8)   Evacuate Collection Set: 2,0ms
[2019-09-10T16:34:51.460+0700][gc,phases     ] GC(8)   Post Evacuate Collection Set: 0,3ms
[2019-09-10T16:34:51.460+0700][gc,phases     ] GC(8)   Other: 0,1ms
[2019-09-10T16:34:51.460+0700][gc,heap       ] GC(8) Eden regions: 47->0(53)
[2019-09-10T16:34:51.460+0700][gc,heap       ] GC(8) Survivor regions: 4->4(7)
[2019-09-10T16:34:51.460+0700][gc,heap       ] GC(8) Old regions: 12->12
[2019-09-10T16:34:51.460+0700][gc,heap       ] GC(8) Humongous regions: 129->129
[2019-09-10T16:34:51.460+0700][gc,metaspace  ] GC(8) Metaspace: 34023K->34023K(1079296K)
[2019-09-10T16:34:51.460+0700][gc            ] GC(8) Pause Young (Normal) (G1 Evacuation Pause) 190M->143M(1024M) 2,562ms
[2019-09-10T16:34:51.460+0700][gc,cpu        ] GC(8) User=0,01s Sys=0,00s Real=0,00s
[2019-09-10T16:52:59.641+0700][gc,start      ] GC(9) Pause Young (Normal) (G1 Evacuation Pause)
[2019-09-10T16:52:59.641+0700][gc,task       ] GC(9) Using 10 workers of 10 for evacuation
[2019-09-10T16:52:59.643+0700][gc,phases     ] GC(9)   Pre Evacuate Collection Set: 0,0ms
[2019-09-10T16:52:59.643+0700][gc,phases     ] GC(9)   Evacuate Collection Set: 1,6ms
[2019-09-10T16:52:59.643+0700][gc,phases     ] GC(9)   Post Evacuate Collection Set: 0,3ms
[2019-09-10T16:52:59.643+0700][gc,phases     ] GC(9)   Other: 0,1ms
[2019-09-10T16:52:59.643+0700][gc,heap       ] GC(9) Eden regions: 53->0(442)
[2019-09-10T16:52:59.643+0700][gc,heap       ] GC(9) Survivor regions: 4->3(8)
[2019-09-10T16:52:59.643+0700][gc,heap       ] GC(9) Old regions: 12->12
[2019-09-10T16:52:59.643+0700][gc,heap       ] GC(9) Humongous regions: 129->129
[2019-09-10T16:52:59.643+0700][gc,metaspace  ] GC(9) Metaspace: 34186K->34186K(1079296K)
[2019-09-10T16:52:59.643+0700][gc            ] GC(9) Pause Young (Normal) (G1 Evacuation Pause) 196M->142M(1024M) 2,154ms
[2019-09-10T16:52:59.643+0700][gc,cpu        ] GC(9) User=0,01s Sys=0,00s Real=0,01s
