[2019-09-11T09:41:50.271+0700][gc,heap] Heap region size: 1M
[2019-09-11T09:41:50.276+0700][gc     ] Using G1
[2019-09-11T09:41:50.276+0700][gc,heap,coops] Heap address: 0x00000000c0000000, size: 1024 MB, Compressed Oops mode: 32-bit
[2019-09-11T09:41:51.156+0700][gc,start     ] GC(0) Pause Young (Normal) (G1 Evacuation Pause)
[2019-09-11T09:41:51.156+0700][gc,task      ] GC(0) Using 10 workers of 10 for evacuation
[2019-09-11T09:41:51.159+0700][gc,phases    ] GC(0)   Pre Evacuate Collection Set: 0,0ms
[2019-09-11T09:41:51.159+0700][gc,phases    ] GC(0)   Evacuate Collection Set: 3,0ms
[2019-09-11T09:41:51.159+0700][gc,phases    ] GC(0)   Post Evacuate Collection Set: 0,3ms
[2019-09-11T09:41:51.159+0700][gc,phases    ] GC(0)   Other: 0,6ms
[2019-09-11T09:41:51.159+0700][gc,heap      ] GC(0) Eden regions: 51->0(44)
[2019-09-11T09:41:51.159+0700][gc,heap      ] GC(0) Survivor regions: 0->7(7)
[2019-09-11T09:41:51.159+0700][gc,heap      ] GC(0) Old regions: 0->0
[2019-09-11T09:41:51.159+0700][gc,heap      ] GC(0) Humongous regions: 0->0
[2019-09-11T09:41:51.159+0700][gc,metaspace ] GC(0) Metaspace: 16967K->16967K(1064960K)
[2019-09-11T09:41:51.159+0700][gc           ] GC(0) Pause Young (Normal) (G1 Evacuation Pause) 51M->6M(1024M) 3,943ms
[2019-09-11T09:41:51.160+0700][gc,cpu       ] GC(0) User=0,03s Sys=0,00s Real=0,00s
[2019-09-11T09:41:51.351+0700][gc,start     ] GC(1) Pause Young (Concurrent Start) (Metadata GC Threshold)
[2019-09-11T09:41:51.351+0700][gc,task      ] GC(1) Using 10 workers of 10 for evacuation
[2019-09-11T09:41:51.355+0700][gc,phases    ] GC(1)   Pre Evacuate Collection Set: 0,0ms
[2019-09-11T09:41:51.355+0700][gc,phases    ] GC(1)   Evacuate Collection Set: 4,3ms
[2019-09-11T09:41:51.355+0700][gc,phases    ] GC(1)   Post Evacuate Collection Set: 0,3ms
[2019-09-11T09:41:51.355+0700][gc,phases    ] GC(1)   Other: 0,1ms
[2019-09-11T09:41:51.355+0700][gc,heap      ] GC(1) Eden regions: 15->0(49)
[2019-09-11T09:41:51.355+0700][gc,heap      ] GC(1) Survivor regions: 7->2(7)
[2019-09-11T09:41:51.355+0700][gc,heap      ] GC(1) Old regions: 0->7
[2019-09-11T09:41:51.355+0700][gc,heap      ] GC(1) Humongous regions: 129->129
[2019-09-11T09:41:51.355+0700][gc,metaspace ] GC(1) Metaspace: 20367K->20367K(1067008K)
[2019-09-11T09:41:51.355+0700][gc           ] GC(1) Pause Young (Concurrent Start) (Metadata GC Threshold) 150M->136M(1024M) 4,791ms
[2019-09-11T09:41:51.355+0700][gc,cpu       ] GC(1) User=0,01s Sys=0,01s Real=0,00s
[2019-09-11T09:41:51.355+0700][gc           ] GC(2) Concurrent Cycle
[2019-09-11T09:41:51.355+0700][gc,marking   ] GC(2) Concurrent Clear Claimed Marks
[2019-09-11T09:41:51.355+0700][gc,marking   ] GC(2) Concurrent Clear Claimed Marks 0,013ms
[2019-09-11T09:41:51.355+0700][gc,marking   ] GC(2) Concurrent Scan Root Regions
[2019-09-11T09:41:51.356+0700][gc,marking   ] GC(2) Concurrent Scan Root Regions 0,610ms
[2019-09-11T09:41:51.356+0700][gc,marking   ] GC(2) Concurrent Mark (1,087s)
[2019-09-11T09:41:51.356+0700][gc,marking   ] GC(2) Concurrent Mark From Roots
[2019-09-11T09:41:51.356+0700][gc,task      ] GC(2) Using 3 workers of 3 for marking
[2019-09-11T09:41:51.359+0700][gc,marking   ] GC(2) Concurrent Mark From Roots 2,813ms
[2019-09-11T09:41:51.359+0700][gc,marking   ] GC(2) Concurrent Preclean
[2019-09-11T09:41:51.359+0700][gc,marking   ] GC(2) Concurrent Preclean 0,077ms
[2019-09-11T09:41:51.359+0700][gc,marking   ] GC(2) Concurrent Mark (1,087s, 1,090s) 2,924ms
[2019-09-11T09:41:51.359+0700][gc,start     ] GC(2) Pause Remark
[2019-09-11T09:41:51.360+0700][gc,stringtable] GC(2) Cleaned string and symbol table, strings: 8951 processed, 0 removed, symbols: 49047 processed, 47 removed
[2019-09-11T09:41:51.360+0700][gc            ] GC(2) Pause Remark 137M->137M(1024M) 1,040ms
[2019-09-11T09:41:51.360+0700][gc,cpu        ] GC(2) User=0,00s Sys=0,00s Real=0,00s
[2019-09-11T09:41:51.360+0700][gc,marking    ] GC(2) Concurrent Rebuild Remembered Sets
[2019-09-11T09:41:51.362+0700][gc,marking    ] GC(2) Concurrent Rebuild Remembered Sets 1,653ms
[2019-09-11T09:41:51.362+0700][gc,start      ] GC(2) Pause Cleanup
[2019-09-11T09:41:51.362+0700][gc            ] GC(2) Pause Cleanup 137M->137M(1024M) 0,165ms
[2019-09-11T09:41:51.362+0700][gc,cpu        ] GC(2) User=0,00s Sys=0,00s Real=0,00s
[2019-09-11T09:41:51.362+0700][gc,marking    ] GC(2) Concurrent Cleanup for Next Mark
[2019-09-11T09:41:51.364+0700][gc,marking    ] GC(2) Concurrent Cleanup for Next Mark 1,486ms
[2019-09-11T09:41:51.364+0700][gc            ] GC(2) Concurrent Cycle 8,370ms
[2019-09-11T09:42:04.778+0700][gc,start      ] GC(3) Pause Young (Normal) (G1 Evacuation Pause)
[2019-09-11T09:42:04.778+0700][gc,task       ] GC(3) Using 10 workers of 10 for evacuation
[2019-09-11T09:42:04.780+0700][gc,phases     ] GC(3)   Pre Evacuate Collection Set: 0,0ms
[2019-09-11T09:42:04.780+0700][gc,phases     ] GC(3)   Evacuate Collection Set: 2,0ms
[2019-09-11T09:42:04.780+0700][gc,phases     ] GC(3)   Post Evacuate Collection Set: 0,3ms
[2019-09-11T09:42:04.780+0700][gc,phases     ] GC(3)   Other: 0,1ms
[2019-09-11T09:42:04.780+0700][gc,heap       ] GC(3) Eden regions: 49->0(46)
[2019-09-11T09:42:04.780+0700][gc,heap       ] GC(3) Survivor regions: 2->5(7)
[2019-09-11T09:42:04.780+0700][gc,heap       ] GC(3) Old regions: 7->7
[2019-09-11T09:42:04.780+0700][gc,heap       ] GC(3) Humongous regions: 129->129
[2019-09-11T09:42:04.780+0700][gc,metaspace  ] GC(3) Metaspace: 30444K->30444K(1077248K)
[2019-09-11T09:42:04.780+0700][gc            ] GC(3) Pause Young (Normal) (G1 Evacuation Pause) 185M->140M(1024M) 2,468ms
[2019-09-11T09:42:04.780+0700][gc,cpu        ] GC(3) User=0,02s Sys=0,00s Real=0,00s
[2019-09-11T09:48:16.472+0700][gc,start      ] GC(4) Pause Young (Concurrent Start) (Metadata GC Threshold)
[2019-09-11T09:48:16.472+0700][gc,task       ] GC(4) Using 10 workers of 10 for evacuation
[2019-09-11T09:48:16.477+0700][gc,phases     ] GC(4)   Pre Evacuate Collection Set: 0,1ms
[2019-09-11T09:48:16.477+0700][gc,phases     ] GC(4)   Evacuate Collection Set: 4,5ms
[2019-09-11T09:48:16.477+0700][gc,phases     ] GC(4)   Post Evacuate Collection Set: 0,3ms
[2019-09-11T09:48:16.477+0700][gc,phases     ] GC(4)   Other: 0,1ms
[2019-09-11T09:48:16.477+0700][gc,heap       ] GC(4) Eden regions: 26->0(49)
[2019-09-11T09:48:16.477+0700][gc,heap       ] GC(4) Survivor regions: 5->2(7)
[2019-09-11T09:48:16.477+0700][gc,heap       ] GC(4) Old regions: 7->12
[2019-09-11T09:48:16.477+0700][gc,heap       ] GC(4) Humongous regions: 129->129
[2019-09-11T09:48:16.477+0700][gc,metaspace  ] GC(4) Metaspace: 33581K->33581K(1079296K)
[2019-09-11T09:48:16.477+0700][gc            ] GC(4) Pause Young (Concurrent Start) (Metadata GC Threshold) 166M->141M(1024M) 5,125ms
[2019-09-11T09:48:16.477+0700][gc,cpu        ] GC(4) User=0,01s Sys=0,01s Real=0,00s
[2019-09-11T09:48:16.477+0700][gc            ] GC(5) Concurrent Cycle
[2019-09-11T09:48:16.477+0700][gc,marking    ] GC(5) Concurrent Clear Claimed Marks
[2019-09-11T09:48:16.477+0700][gc,marking    ] GC(5) Concurrent Clear Claimed Marks 0,025ms
[2019-09-11T09:48:16.477+0700][gc,marking    ] GC(5) Concurrent Scan Root Regions
[2019-09-11T09:48:16.478+0700][gc,marking    ] GC(5) Concurrent Scan Root Regions 0,783ms
[2019-09-11T09:48:16.478+0700][gc,marking    ] GC(5) Concurrent Mark (386,208s)
[2019-09-11T09:48:16.478+0700][gc,marking    ] GC(5) Concurrent Mark From Roots
[2019-09-11T09:48:16.478+0700][gc,task       ] GC(5) Using 3 workers of 3 for marking
[2019-09-11T09:48:16.483+0700][gc,marking    ] GC(5) Concurrent Mark From Roots 5,696ms
[2019-09-11T09:48:16.483+0700][gc,marking    ] GC(5) Concurrent Preclean
[2019-09-11T09:48:16.483+0700][gc,marking    ] GC(5) Concurrent Preclean 0,067ms
[2019-09-11T09:48:16.483+0700][gc,marking    ] GC(5) Concurrent Mark (386,208s, 386,214s) 5,800ms
[2019-09-11T09:48:16.484+0700][gc,start      ] GC(5) Pause Remark
[2019-09-11T09:48:16.486+0700][gc,stringtable] GC(5) Cleaned string and symbol table, strings: 14215 processed, 9 removed, symbols: 74438 processed, 20 removed
[2019-09-11T09:48:16.486+0700][gc            ] GC(5) Pause Remark 142M->142M(1024M) 2,213ms
[2019-09-11T09:48:16.486+0700][gc,cpu        ] GC(5) User=0,01s Sys=0,00s Real=0,00s
[2019-09-11T09:48:16.486+0700][gc,marking    ] GC(5) Concurrent Rebuild Remembered Sets
[2019-09-11T09:48:16.489+0700][gc,marking    ] GC(5) Concurrent Rebuild Remembered Sets 3,255ms
[2019-09-11T09:48:16.489+0700][gc,start      ] GC(5) Pause Cleanup
[2019-09-11T09:48:16.489+0700][gc            ] GC(5) Pause Cleanup 142M->142M(1024M) 0,114ms
[2019-09-11T09:48:16.489+0700][gc,cpu        ] GC(5) User=0,00s Sys=0,00s Real=0,00s
[2019-09-11T09:48:16.489+0700][gc,marking    ] GC(5) Concurrent Cleanup for Next Mark
[2019-09-11T09:48:16.491+0700][gc,marking    ] GC(5) Concurrent Cleanup for Next Mark 1,747ms
[2019-09-11T09:48:16.491+0700][gc            ] GC(5) Concurrent Cycle 14,317ms
[2019-09-11T09:58:59.811+0700][gc,start      ] GC(6) Pause Young (Normal) (G1 Evacuation Pause)
[2019-09-11T09:58:59.811+0700][gc,task       ] GC(6) Using 10 workers of 10 for evacuation
[2019-09-11T09:58:59.813+0700][gc,phases     ] GC(6)   Pre Evacuate Collection Set: 0,0ms
[2019-09-11T09:58:59.813+0700][gc,phases     ] GC(6)   Evacuate Collection Set: 1,8ms
[2019-09-11T09:58:59.813+0700][gc,phases     ] GC(6)   Post Evacuate Collection Set: 0,2ms
[2019-09-11T09:58:59.813+0700][gc,phases     ] GC(6)   Other: 0,1ms
[2019-09-11T09:58:59.813+0700][gc,heap       ] GC(6) Eden regions: 49->0(49)
[2019-09-11T09:58:59.813+0700][gc,heap       ] GC(6) Survivor regions: 2->2(7)
[2019-09-11T09:58:59.813+0700][gc,heap       ] GC(6) Old regions: 12->12
[2019-09-11T09:58:59.813+0700][gc,heap       ] GC(6) Humongous regions: 129->129
[2019-09-11T09:58:59.813+0700][gc,metaspace  ] GC(6) Metaspace: 33910K->33910K(1079296K)
[2019-09-11T09:58:59.813+0700][gc            ] GC(6) Pause Young (Normal) (G1 Evacuation Pause) 190M->142M(1024M) 2,204ms
[2019-09-11T09:58:59.813+0700][gc,cpu        ] GC(6) User=0,01s Sys=0,00s Real=0,00s
[2019-09-11T10:10:19.811+0700][gc,start      ] GC(7) Pause Young (Normal) (G1 Evacuation Pause)
[2019-09-11T10:10:19.811+0700][gc,task       ] GC(7) Using 10 workers of 10 for evacuation
[2019-09-11T10:10:19.813+0700][gc,phases     ] GC(7)   Pre Evacuate Collection Set: 0,0ms
[2019-09-11T10:10:19.813+0700][gc,phases     ] GC(7)   Evacuate Collection Set: 2,2ms
[2019-09-11T10:10:19.813+0700][gc,phases     ] GC(7)   Post Evacuate Collection Set: 0,6ms
[2019-09-11T10:10:19.813+0700][gc,phases     ] GC(7)   Other: 0,1ms
[2019-09-11T10:10:19.813+0700][gc,heap       ] GC(7) Eden regions: 49->0(48)
[2019-09-11T10:10:19.813+0700][gc,heap       ] GC(7) Survivor regions: 2->3(7)
[2019-09-11T10:10:19.813+0700][gc,heap       ] GC(7) Old regions: 12->12
[2019-09-11T10:10:19.813+0700][gc,heap       ] GC(7) Humongous regions: 129->129
[2019-09-11T10:10:19.813+0700][gc,metaspace  ] GC(7) Metaspace: 34012K->34012K(1079296K)
[2019-09-11T10:10:19.813+0700][gc            ] GC(7) Pause Young (Normal) (G1 Evacuation Pause) 191M->143M(1024M) 2,963ms
[2019-09-11T10:10:19.813+0700][gc,cpu        ] GC(7) User=0,01s Sys=0,00s Real=0,00s
[2019-09-11T10:22:09.810+0700][gc,start      ] GC(8) Pause Young (Normal) (G1 Evacuation Pause)
[2019-09-11T10:22:09.810+0700][gc,task       ] GC(8) Using 10 workers of 10 for evacuation
[2019-09-11T10:22:09.815+0700][gc,phases     ] GC(8)   Pre Evacuate Collection Set: 0,0ms
[2019-09-11T10:22:09.815+0700][gc,phases     ] GC(8)   Evacuate Collection Set: 1,7ms
[2019-09-11T10:22:09.815+0700][gc,phases     ] GC(8)   Post Evacuate Collection Set: 3,1ms
[2019-09-11T10:22:09.815+0700][gc,phases     ] GC(8)   Other: 0,1ms
[2019-09-11T10:22:09.815+0700][gc,heap       ] GC(8) Eden regions: 48->0(48)
[2019-09-11T10:22:09.815+0700][gc,heap       ] GC(8) Survivor regions: 3->3(7)
[2019-09-11T10:22:09.815+0700][gc,heap       ] GC(8) Old regions: 12->12
[2019-09-11T10:22:09.815+0700][gc,heap       ] GC(8) Humongous regions: 129->129
[2019-09-11T10:22:09.815+0700][gc,metaspace  ] GC(8) Metaspace: 34044K->34044K(1079296K)
[2019-09-11T10:22:09.816+0700][gc            ] GC(8) Pause Young (Normal) (G1 Evacuation Pause) 191M->143M(1024M) 5,036ms
[2019-09-11T10:22:09.816+0700][gc,cpu        ] GC(8) User=0,03s Sys=0,00s Real=0,00s
[2019-09-11T10:33:48.341+0700][gc,start      ] GC(9) Pause Young (Normal) (G1 Evacuation Pause)
[2019-09-11T10:33:48.341+0700][gc,task       ] GC(9) Using 10 workers of 10 for evacuation
[2019-09-11T10:33:48.343+0700][gc,phases     ] GC(9)   Pre Evacuate Collection Set: 0,0ms
[2019-09-11T10:33:48.343+0700][gc,phases     ] GC(9)   Evacuate Collection Set: 1,9ms
[2019-09-11T10:33:48.343+0700][gc,phases     ] GC(9)   Post Evacuate Collection Set: 0,4ms
[2019-09-11T10:33:48.343+0700][gc,phases     ] GC(9)   Other: 0,1ms
[2019-09-11T10:33:48.343+0700][gc,heap       ] GC(9) Eden regions: 48->0(54)
[2019-09-11T10:33:48.343+0700][gc,heap       ] GC(9) Survivor regions: 3->3(7)
[2019-09-11T10:33:48.343+0700][gc,heap       ] GC(9) Old regions: 12->12
[2019-09-11T10:33:48.343+0700][gc,heap       ] GC(9) Humongous regions: 129->129
[2019-09-11T10:33:48.343+0700][gc,metaspace  ] GC(9) Metaspace: 34144K->34144K(1079296K)
[2019-09-11T10:33:48.343+0700][gc            ] GC(9) Pause Young (Normal) (G1 Evacuation Pause) 191M->142M(1024M) 2,505ms
[2019-09-11T10:33:48.343+0700][gc,cpu        ] GC(9) User=0,01s Sys=0,00s Real=0,01s
[2019-09-11T10:58:54.810+0700][gc,start      ] GC(10) Pause Young (Normal) (G1 Evacuation Pause)
[2019-09-11T10:58:54.810+0700][gc,task       ] GC(10) Using 10 workers of 10 for evacuation
[2019-09-11T10:58:54.814+0700][gc,phases     ] GC(10)   Pre Evacuate Collection Set: 0,0ms
[2019-09-11T10:58:54.814+0700][gc,phases     ] GC(10)   Evacuate Collection Set: 1,6ms
[2019-09-11T10:58:54.814+0700][gc,phases     ] GC(10)   Post Evacuate Collection Set: 1,4ms
[2019-09-11T10:58:54.814+0700][gc,phases     ] GC(10)   Other: 0,1ms
[2019-09-11T10:58:54.814+0700][gc,heap       ] GC(10) Eden regions: 54->0(351)
[2019-09-11T10:58:54.814+0700][gc,heap       ] GC(10) Survivor regions: 3->3(8)
[2019-09-11T10:58:54.814+0700][gc,heap       ] GC(10) Old regions: 12->12
[2019-09-11T10:58:54.814+0700][gc,heap       ] GC(10) Humongous regions: 129->129
[2019-09-11T10:58:54.814+0700][gc,metaspace  ] GC(10) Metaspace: 34655K->34655K(1081344K)
[2019-09-11T10:58:54.814+0700][gc            ] GC(10) Pause Young (Normal) (G1 Evacuation Pause) 196M->142M(1024M) 3,251ms
[2019-09-11T10:58:54.814+0700][gc,cpu        ] GC(10) User=0,01s Sys=0,01s Real=0,00s
