[2019-09-10T15:35:53.113+0700][gc,heap] Heap region size: 1M
[2019-09-10T15:35:53.115+0700][gc     ] Using G1
[2019-09-10T15:35:53.115+0700][gc,heap,coops] Heap address: 0x00000000e0000000, size: 512 MB, Compressed Oops mode: 32-bit
[2019-09-10T16:24:06.505+0700][gc,start     ] GC(0) Pause Young (Normal) (G1 Evacuation Pause)
[2019-09-10T16:24:06.506+0700][gc,task      ] GC(0) Using 10 workers of 10 for evacuation
[2019-09-10T16:24:06.509+0700][gc,phases    ] GC(0)   Pre Evacuate Collection Set: 0,0ms
[2019-09-10T16:24:06.509+0700][gc,phases    ] GC(0)   Evacuate Collection Set: 2,6ms
[2019-09-10T16:24:06.509+0700][gc,phases    ] GC(0)   Post Evacuate Collection Set: 0,3ms
[2019-09-10T16:24:06.509+0700][gc,phases    ] GC(0)   Other: 0,5ms
[2019-09-10T16:24:06.509+0700][gc,heap      ] GC(0) Eden regions: 25->0(21)
[2019-09-10T16:24:06.509+0700][gc,heap      ] GC(0) Survivor regions: 0->4(4)
[2019-09-10T16:24:06.509+0700][gc,heap      ] GC(0) Old regions: 0->2
[2019-09-10T16:24:06.509+0700][gc,heap      ] GC(0) Humongous regions: 0->0
[2019-09-10T16:24:06.509+0700][gc,metaspace ] GC(0) Metaspace: 7606K->7606K(1056768K)
[2019-09-10T16:24:06.509+0700][gc           ] GC(0) Pause Young (Normal) (G1 Evacuation Pause) 25M->5M(512M) 3,409ms
[2019-09-10T16:24:06.509+0700][gc,cpu       ] GC(0) User=0,02s Sys=0,00s Real=0,00s
